<?xml version="1.0" encoding="UTF-8"?>
<TestRun id="01c81816-ee57-49dc-832f-ba2682da8101" name="Administrator@MSSQLSERVER 2020-05-27 15:03:39" runUser="MSSQLSERVER\Administrator" xmlns="http://microsoft.com/schemas/VisualStudio/TeamTest/2006">
  <TestRunConfiguration name="Local Test Run" id="9cf3e93b-821e-4a04-af93-c9828a6f3894">
    <Description>This is a default test run configuration for a local test run.</Description>
    <Deployment runDeploymentRoot="C:\Users\Administrator\Desktop\BazyDanychII\ProjektMikolajBaczynski\ProjectAppFirma\TestResults\Administrator_MSSQLSERVER 2020-05-27 15_03_39">
      <DeploymentItem filename="C:\Users\Administrator\Desktop\BazyDanychII\ProjektMikolajBaczynski\ProjectAppFirma\ProjectAppFirma\bin\Debug\ProjectAppFirma.exe" />
      <DeploymentItem filename="C:\Users\Administrator\Desktop\BazyDanychII\ProjektMikolajBaczynski\ProjektFIRMAv2\ProjektFIRMAv2\bin\Debug\SqlClassLibrary.dll" />
    </Deployment>
    <TestTypeSpecific />
  </TestRunConfiguration>
  <ResultSummary outcome="Completed">
    <Counters total="1" executed="1" passed="1" error="0" failed="0" timeout="0" aborted="0" inconclusive="0" passedButRunAborted="0" notRunnable="0" notExecuted="0" disconnected="0" warning="0" completed="0" inProgress="0" pending="0" />
  </ResultSummary>
  <Times creation="2020-05-27T15:03:39.0598908+02:00" queuing="2020-05-27T15:03:41.3768908+02:00" start="2020-05-27T15:03:41.8118908+02:00" finish="2020-05-27T15:03:42.6168908+02:00" />
  <TestDefinitions>
    <UnitTest name="TestLaptopToString" storage="c:\users\administrator\desktop\bazydanychii\projektmikolajbaczynski\projectappfirma\testapp\bin\debug\testapp.dll" id="8c9497b0-f08f-1818-0fd3-99526db1bf73">
      <Css projectStructure="" iteration="" />
      <Owners>
        <Owner name="" />
      </Owners>
      <Execution id="47fd9040-c7da-4a39-b816-878b1b0afbc5" />
      <TestMethod codeBase="C:\Users\Administrator\Desktop\BazyDanychII\ProjektMikolajBaczynski\ProjectAppFirma\TestApp\bin\Debug\TestApp.dll" adapterTypeName="Microsoft.VisualStudio.TestTools.TestTypes.Unit.UnitTestAdapter, Microsoft.VisualStudio.QualityTools.Tips.UnitTest.Adapter, Version=9.0.0.0, Culture=neutral, PublicKeyToken=b03f5f7f11d50a3a" className="ProjectTestFIRMA.LaptopTest, TestApp" name="TestLaptopToString" />
    </UnitTest>
  </TestDefinitions>
  <TestLists>
    <TestList name="Results Not in a List" id="8c84fa94-04c1-424b-9868-57a2d4851a1d" />
    <TestList name="All Loaded Results" id="19431567-8539-422a-85d7-44ee4e166bda" />
  </TestLists>
  <TestEntries>
    <TestEntry testId="8c9497b0-f08f-1818-0fd3-99526db1bf73" executionId="47fd9040-c7da-4a39-b816-878b1b0afbc5" testListId="8c84fa94-04c1-424b-9868-57a2d4851a1d" />
  </TestEntries>
  <Results>
    <UnitTestResult executionId="47fd9040-c7da-4a39-b816-878b1b0afbc5" testId="8c9497b0-f08f-1818-0fd3-99526db1bf73" testName="TestLaptopToString" computerName="MSSQLSERVER" duration="00:00:00.0206103" startTime="2020-05-27T15:03:41.9078908+02:00" endTime="2020-05-27T15:03:42.4368908+02:00" testType="13cdc9d9-ddb5-4fa4-a97d-d965ccfc6d4b" outcome="Passed" testListId="8c84fa94-04c1-424b-9868-57a2d4851a1d">
      <Output>
      </Output>
    </UnitTestResult>
  </Results>
</TestRun>